[2026-07-07 22:09:48.943] [ERROR   ] [backend.services.loader_service:78] - Ошибка при загрузке документа
Traceback (most recent call last):

  File "<string>", line 1, in <module>
  File "C:\Users\nikit\AppData\Roaming\uv\python\cpython-3.13-windows-x86_64-none\Lib\multiprocessing\spawn.py", line 122, in spawn_main
    exitcode = _main(fd, parent_sentinel)
               │     │   └ 640
               │     └ 3
               └ <function _main at 0x000002ADBF269D00>
  File "C:\Users\nikit\AppData\Roaming\uv\python\cpython-3.13-windows-x86_64-none\Lib\multiprocessing\spawn.py", line 135, in _main
    return self._bootstrap(parent_sentinel)
           │    │          └ 640
           │    └ <function BaseProcess._bootstrap at 0x000002ADBEF70FE0>
           └ <SpawnProcess name='SpawnProcess-54' parent=26680 started>
  File "C:\Users\nikit\AppData\Roaming\uv\python\cpython-3.13-windows-x86_64-none\Lib\multiprocessing\process.py", line 313, in _bootstrap
    self.run()
    │    └ <function BaseProcess.run at 0x000002ADBEF70540>
    └ <SpawnProcess name='SpawnProcess-54' parent=26680 started>
  File "C:\Users\nikit\AppData\Roaming\uv\python\cpython-3.13-windows-x86_64-none\Lib\multiprocessing\process.py", line 108, in run
    self._target(*self._args, **self._kwargs)
    │    │        │    │        │    └ {'config': <uvicorn.config.Config object at 0x000002ADBFDA4590>, 'target': <bound method Server.run of <uvicorn.server.Server...
    │    │        │    │        └ <SpawnProcess name='SpawnProcess-54' parent=26680 started>
    │    │        │    └ ()
    │    │        └ <SpawnProcess name='SpawnProcess-54' parent=26680 started>
    │    └ <function subprocess_started at 0x000002ADBFC1C0E0>
    └ <SpawnProcess name='SpawnProcess-54' parent=26680 started>
  File "C:\Users\nikit\OneDrive\Desktop\Python проекты\Sentra\.venv\Lib\site-packages\uvicorn\_subprocess.py", line 80, in subprocess_started
    target(sockets=sockets)
    │              └ [<socket.socket fd=740, family=2, type=1, proto=6, laddr=('127.0.0.1', 8000)>]
    └ <bound method Server.run of <uvicorn.server.Server object at 0x000002ADBFDA46E0>>
  File "C:\Users\nikit\OneDrive\Desktop\Python проекты\Sentra\.venv\Lib\site-packages\uvicorn\server.py", line 74, in run
    return asyncio_run(self.serve(sockets=sockets), loop_factory=self.config.get_loop_factory())
           │           │    │             │                      │    │      └ <function Config.get_loop_factory at 0x000002ADBFAAEDE0>
           │           │    │             │                      │    └ <uvicorn.config.Config object at 0x000002ADBFDA4590>
           │           │    │             │                      └ <uvicorn.server.Server object at 0x000002ADBFDA46E0>
           │           │    │             └ [<socket.socket fd=740, family=2, type=1, proto=6, laddr=('127.0.0.1', 8000)>]
           │           │    └ <function Server.serve at 0x000002ADBFC0F060>
           │           └ <uvicorn.server.Server object at 0x000002ADBFDA46E0>
           └ <function run at 0x000002ADBF4DBF60>
  File "C:\Users\nikit\AppData\Roaming\uv\python\cpython-3.13-windows-x86_64-none\Lib\asyncio\runners.py", line 195, in run
    return runner.run(main)
           │      │   └ <coroutine object Server.serve at 0x000002ADBFD67840>
           │      └ <function Runner.run at 0x000002ADBF917B00>
           └ <asyncio.runners.Runner object at 0x000002ADBFDA52B0>
  File "C:\Users\nikit\AppData\Roaming\uv\python\cpython-3.13-windows-x86_64-none\Lib\asyncio\runners.py", line 118, in run
    return self._loop.run_until_complete(task)
           │    │     │                  └ <Task pending name='Task-1' coro=<Server.serve() running at C:\Users\nikit\OneDrive\Desktop\Python проекты\Sentra\.venv\Lib\s...
           │    │     └ <function BaseEventLoop.run_until_complete at 0x000002ADBF9156C0>
           │    └ <_WindowsSelectorEventLoop running=True closed=False debug=False>
           └ <asyncio.runners.Runner object at 0x000002ADBFDA52B0>
  File "C:\Users\nikit\AppData\Roaming\uv\python\cpython-3.13-windows-x86_64-none\Lib\asyncio\base_events.py", line 712, in run_until_complete
    self.run_forever()
    │    └ <function BaseEventLoop.run_forever at 0x000002ADBF915620>
    └ <_WindowsSelectorEventLoop running=True closed=False debug=False>
  File "C:\Users\nikit\AppData\Roaming\uv\python\cpython-3.13-windows-x86_64-none\Lib\asyncio\base_events.py", line 683, in run_forever
    self._run_once()
    │    └ <function BaseEventLoop._run_once at 0x000002ADBF917420>
    └ <_WindowsSelectorEventLoop running=True closed=False debug=False>
  File "C:\Users\nikit\AppData\Roaming\uv\python\cpython-3.13-windows-x86_64-none\Lib\asyncio\base_events.py", line 2061, in _run_once
    handle._run()
    │      └ <function Handle._run at 0x000002ADBF4A91C0>
    └ <Handle Task.task_wakeup()>
  File "C:\Users\nikit\AppData\Roaming\uv\python\cpython-3.13-windows-x86_64-none\Lib\asyncio\events.py", line 89, in _run
    self._context.run(self._callback, *self._args)
    │    │            │    │           │    └ <member '_args' of 'Handle' objects>
    │    │            │    │           └ <Handle Task.task_wakeup()>
    │    │            │    └ <member '_callback' of 'Handle' objects>
    │    │            └ <Handle Task.task_wakeup()>
    │    └ <member '_context' of 'Handle' objects>
    └ <Handle Task.task_wakeup()>
  File "C:\Users\nikit\OneDrive\Desktop\Python проекты\Sentra\.venv\Lib\site-packages\uvicorn\protocols\http\httptools_impl.py", line 422, in run_asgi
    result = await app(  # type: ignore[func-returns-value]
                   └ <uvicorn.middleware.proxy_headers.ProxyHeadersMiddleware object at 0x000002ADDB5723C0>
  File "C:\Users\nikit\OneDrive\Desktop\Python проекты\Sentra\.venv\Lib\site-packages\uvicorn\middleware\proxy_headers.py", line 63, in __call__
    return await self.app(scope, receive, send)
                 │    │   │      │        └ <bound method RequestResponseCycle.send of <uvicorn.protocols.http.httptools_impl.RequestResponseCycle object at 0x000002ADDB...
                 │    │   │      └ <bound method RequestResponseCycle.receive of <uvicorn.protocols.http.httptools_impl.RequestResponseCycle object at 0x000002A...
                 │    │   └ {'type': 'http', 'asgi': {'version': '3.0', 'spec_version': '2.3'}, 'http_version': '1.1', 'server': ('127.0.0.1', 8000), 'cl...
                 │    └ <fastapi.applications.FastAPI object at 0x000002ADDB570980>
                 └ <uvicorn.middleware.proxy_headers.ProxyHeadersMiddleware object at 0x000002ADDB5723C0>
  File "C:\Users\nikit\OneDrive\Desktop\Python проекты\Sentra\.venv\Lib\site-packages\fastapi\applications.py", line 1163, in __call__
    await super().__call__(scope, receive, send)
                           │      │        └ <bound method RequestResponseCycle.send of <uvicorn.protocols.http.httptools_impl.RequestResponseCycle object at 0x000002ADDB...
                           │      └ <bound method RequestResponseCycle.receive of <uvicorn.protocols.http.httptools_impl.RequestResponseCycle object at 0x000002A...
                           └ {'type': 'http', 'asgi': {'version': '3.0', 'spec_version': '2.3'}, 'http_version': '1.1', 'server': ('127.0.0.1', 8000), 'cl...
  File "C:\Users\nikit\OneDrive\Desktop\Python проекты\Sentra\.venv\Lib\site-packages\starlette\applications.py", line 90, in __call__
    await self.middleware_stack(scope, receive, send)
          │    │                │      │        └ <bound method RequestResponseCycle.send of <uvicorn.protocols.http.httptools_impl.RequestResponseCycle object at 0x000002ADDB...
          │    │                │      └ <bound method RequestResponseCycle.receive of <uvicorn.protocols.http.httptools_impl.RequestResponseCycle object at 0x000002A...
          │    │                └ {'type': 'http', 'asgi': {'version': '3.0', 'spec_version': '2.3'}, 'http_version': '1.1', 'server': ('127.0.0.1', 8000), 'cl...
          │    └ <starlette.middleware.errors.ServerErrorMiddleware object at 0x000002ADDB572E40>
          └ <fastapi.applications.FastAPI object at 0x000002ADDB570980>
  File "C:\Users\nikit\OneDrive\Desktop\Python проекты\Sentra\.venv\Lib\site-packages\starlette\middleware\errors.py", line 164, in __call__
    await self.app(scope, receive, _send)
          │    │   │      │        └ <function ServerErrorMiddleware.__call__.<locals>._send at 0x000002ADDB6119E0>
          │    │   │      └ <bound method RequestResponseCycle.receive of <uvicorn.protocols.http.httptools_impl.RequestResponseCycle object at 0x000002A...
          │    │   └ {'type': 'http', 'asgi': {'version': '3.0', 'spec_version': '2.3'}, 'http_version': '1.1', 'server': ('127.0.0.1', 8000), 'cl...
          │    └ <starlette.middleware.cors.CORSMiddleware object at 0x000002ADDB572CF0>
          └ <starlette.middleware.errors.ServerErrorMiddleware object at 0x000002ADDB572E40>
  File "C:\Users\nikit\OneDrive\Desktop\Python проекты\Sentra\.venv\Lib\site-packages\starlette\middleware\cors.py", line 96, in __call__
    await self.simple_response(scope, receive, send, request_headers=headers)
          │    │               │      │        │                     └ Headers({'host': 'localhost:8000', 'connection': 'keep-alive', 'content-length': '101585', 'sec-ch-ua-platform': '"Windows"',...
          │    │               │      │        └ <function ServerErrorMiddleware.__call__.<locals>._send at 0x000002ADDB6119E0>
          │    │               │      └ <bound method RequestResponseCycle.receive of <uvicorn.protocols.http.httptools_impl.RequestResponseCycle object at 0x000002A...
          │    │               └ {'type': 'http', 'asgi': {'version': '3.0', 'spec_version': '2.3'}, 'http_version': '1.1', 'server': ('127.0.0.1', 8000), 'cl...
          │    └ <function CORSMiddleware.simple_response at 0x000002ADC0DECF40>
          └ <starlette.middleware.cors.CORSMiddleware object at 0x000002ADDB572CF0>
  File "C:\Users\nikit\OneDrive\Desktop\Python проекты\Sentra\.venv\Lib\site-packages\starlette\middleware\cors.py", line 154, in simple_response
    await self.app(scope, receive, send)
          │    │   │      │        └ functools.partial(<bound method CORSMiddleware.send of <starlette.middleware.cors.CORSMiddleware object at 0x000002ADDB572CF0...
          │    │   │      └ <bound method RequestResponseCycle.receive of <uvicorn.protocols.http.httptools_impl.RequestResponseCycle object at 0x000002A...
          │    │   └ {'type': 'http', 'asgi': {'version': '3.0', 'spec_version': '2.3'}, 'http_version': '1.1', 'server': ('127.0.0.1', 8000), 'cl...
          │    └ <starlette.middleware.exceptions.ExceptionMiddleware object at 0x000002ADDB572BA0>
          └ <starlette.middleware.cors.CORSMiddleware object at 0x000002ADDB572CF0>
  File "C:\Users\nikit\OneDrive\Desktop\Python проекты\Sentra\.venv\Lib\site-packages\starlette\middleware\exceptions.py", line 63, in __call__
    await wrap_app_handling_exceptions(self.app, conn)(scope, receive, send)
          │                            │    │    │     │      │        └ functools.partial(<bound method CORSMiddleware.send of <starlette.middleware.cors.CORSMiddleware object at 0x000002ADDB572CF0...
          │                            │    │    │     │      └ <bound method RequestResponseCycle.receive of <uvicorn.protocols.http.httptools_impl.RequestResponseCycle object at 0x000002A...
          │                            │    │    │     └ {'type': 'http', 'asgi': {'version': '3.0', 'spec_version': '2.3'}, 'http_version': '1.1', 'server': ('127.0.0.1', 8000), 'cl...
          │                            │    │    └ <starlette.requests.Request object at 0x000002ADDB5738C0>
          │                            │    └ <fastapi.middleware.asyncexitstack.AsyncExitStackMiddleware object at 0x000002ADDB572A50>
          │                            └ <starlette.middleware.exceptions.ExceptionMiddleware object at 0x000002ADDB572BA0>
          └ <function wrap_app_handling_exceptions at 0x000002ADC0D037E0>
  File "C:\Users\nikit\OneDrive\Desktop\Python проекты\Sentra\.venv\Lib\site-packages\starlette\_exception_handler.py", line 42, in wrapped_app
    await app(scope, receive, sender)
          │   │      │        └ <function wrap_app_handling_exceptions.<locals>.wrapped_app.<locals>.sender at 0x000002ADDB611B20>
          │   │      └ <bound method RequestResponseCycle.receive of <uvicorn.protocols.http.httptools_impl.RequestResponseCycle object at 0x000002A...
          │   └ {'type': 'http', 'asgi': {'version': '3.0', 'spec_version': '2.3'}, 'http_version': '1.1', 'server': ('127.0.0.1', 8000), 'cl...
          └ <fastapi.middleware.asyncexitstack.AsyncExitStackMiddleware object at 0x000002ADDB572A50>
  File "C:\Users\nikit\OneDrive\Desktop\Python проекты\Sentra\.venv\Lib\site-packages\fastapi\middleware\asyncexitstack.py", line 18, in __call__
    await self.app(scope, receive, send)
          │    │   │      │        └ <function wrap_app_handling_exceptions.<locals>.wrapped_app.<locals>.sender at 0x000002ADDB611B20>
          │    │   │      └ <bound method RequestResponseCycle.receive of <uvicorn.protocols.http.httptools_impl.RequestResponseCycle object at 0x000002A...
          │    │   └ {'type': 'http', 'asgi': {'version': '3.0', 'spec_version': '2.3'}, 'http_version': '1.1', 'server': ('127.0.0.1', 8000), 'cl...
          │    └ <fastapi.routing.APIRouter object at 0x000002ADDB5E56E0>
          └ <fastapi.middleware.asyncexitstack.AsyncExitStackMiddleware object at 0x000002ADDB572A50>
  File "C:\Users\nikit\OneDrive\Desktop\Python проекты\Sentra\.venv\Lib\site-packages\starlette\routing.py", line 660, in __call__
    await self.middleware_stack(scope, receive, send)
          │    │                │      │        └ <function wrap_app_handling_exceptions.<locals>.wrapped_app.<locals>.sender at 0x000002ADDB611B20>
          │    │                │      └ <bound method RequestResponseCycle.receive of <uvicorn.protocols.http.httptools_impl.RequestResponseCycle object at 0x000002A...
          │    │                └ {'type': 'http', 'asgi': {'version': '3.0', 'spec_version': '2.3'}, 'http_version': '1.1', 'server': ('127.0.0.1', 8000), 'cl...
          │    └ <bound method APIRouter.app of <fastapi.routing.APIRouter object at 0x000002ADDB5E56E0>>
          └ <fastapi.routing.APIRouter object at 0x000002ADDB5E56E0>
  File "C:\Users\nikit\OneDrive\Desktop\Python проекты\Sentra\.venv\Lib\site-packages\fastapi\routing.py", line 2683, in app
    await route.handle(scope, receive, send)
          │     │      │      │        └ <function wrap_app_handling_exceptions.<locals>.wrapped_app.<locals>.sender at 0x000002ADDB611B20>
          │     │      │      └ <bound method RequestResponseCycle.receive of <uvicorn.protocols.http.httptools_impl.RequestResponseCycle object at 0x000002A...
          │     │      └ {'type': 'http', 'asgi': {'version': '3.0', 'spec_version': '2.3'}, 'http_version': '1.1', 'server': ('127.0.0.1', 8000), 'cl...
          │     └ <function _IncludedRouter.handle at 0x000002ADC0D4E340>
          └ _IncludedRouter(original_router=<fastapi.routing.APIRouter object at 0x000002ADDB60C410>, include_context=_RouterIncludeConte...
  File "C:\Users\nikit\OneDrive\Desktop\Python проекты\Sentra\.venv\Lib\site-packages\fastapi\routing.py", line 1753, in handle
    await self.original_router.handle(scope, receive, send)
          │    │               │      │      │        └ <function wrap_app_handling_exceptions.<locals>.wrapped_app.<locals>.sender at 0x000002ADDB611B20>
          │    │               │      │      └ <bound method RequestResponseCycle.receive of <uvicorn.protocols.http.httptools_impl.RequestResponseCycle object at 0x000002A...
          │    │               │      └ {'type': 'http', 'asgi': {'version': '3.0', 'spec_version': '2.3'}, 'http_version': '1.1', 'server': ('127.0.0.1', 8000), 'cl...
          │    │               └ <function APIRouter.handle at 0x000002ADC0D68220>
          │    └ <fastapi.routing.APIRouter object at 0x000002ADDB60C410>
          └ _IncludedRouter(original_router=<fastapi.routing.APIRouter object at 0x000002ADDB60C410>, include_context=_RouterIncludeConte...
  File "C:\Users\nikit\OneDrive\Desktop\Python проекты\Sentra\.venv\Lib\site-packages\fastapi\routing.py", line 2738, in handle
    await included_router._handle_selected(scope, receive, send)
          │               │                │      │        └ <function wrap_app_handling_exceptions.<locals>.wrapped_app.<locals>.sender at 0x000002ADDB611B20>
          │               │                │      └ <bound method RequestResponseCycle.receive of <uvicorn.protocols.http.httptools_impl.RequestResponseCycle object at 0x000002A...
          │               │                └ {'type': 'http', 'asgi': {'version': '3.0', 'spec_version': '2.3'}, 'http_version': '1.1', 'server': ('127.0.0.1', 8000), 'cl...
          │               └ <function _IncludedRouter._handle_selected at 0x000002ADC0D4E3E0>
          └ _IncludedRouter(original_router=<fastapi.routing.APIRouter object at 0x000002ADDB60C410>, include_context=_RouterIncludeConte...
  File "C:\Users\nikit\OneDrive\Desktop\Python проекты\Sentra\.venv\Lib\site-packages\fastapi\routing.py", line 1773, in _handle_selected
    await original_route.handle(scope, receive, send)
          │              │      │      │        └ <function wrap_app_handling_exceptions.<locals>.wrapped_app.<locals>.sender at 0x000002ADDB611B20>
          │              │      │      └ <bound method RequestResponseCycle.receive of <uvicorn.protocols.http.httptools_impl.RequestResponseCycle object at 0x000002A...
          │              │      └ {'type': 'http', 'asgi': {'version': '3.0', 'spec_version': '2.3'}, 'http_version': '1.1', 'server': ('127.0.0.1', 8000), 'cl...
          │              └ <function APIRoute.handle at 0x000002ADC0D4C360>
          └ APIRoute(path='/employees/{employee_id}/knowledge/upload', name='upload_knowledge_file', methods=['POST'])
  File "C:\Users\nikit\OneDrive\Desktop\Python проекты\Sentra\.venv\Lib\site-packages\fastapi\routing.py", line 1264, in handle
    await app(scope, receive, send)
          │   │      │        └ <function wrap_app_handling_exceptions.<locals>.wrapped_app.<locals>.sender at 0x000002ADDB611B20>
          │   │      └ <bound method RequestResponseCycle.receive of <uvicorn.protocols.http.httptools_impl.RequestResponseCycle object at 0x000002A...
          │   └ {'type': 'http', 'asgi': {'version': '3.0', 'spec_version': '2.3'}, 'http_version': '1.1', 'server': ('127.0.0.1', 8000), 'cl...
          └ <function request_response.<locals>.app at 0x000002ADDB611D00>
  File "C:\Users\nikit\OneDrive\Desktop\Python проекты\Sentra\.venv\Lib\site-packages\fastapi\routing.py", line 150, in app
    await wrap_app_handling_exceptions(app, request)(scope, receive, send)
          │                            │    │        │      │        └ <function wrap_app_handling_exceptions.<locals>.wrapped_app.<locals>.sender at 0x000002ADDB611B20>
          │                            │    │        │      └ <bound method RequestResponseCycle.receive of <uvicorn.protocols.http.httptools_impl.RequestResponseCycle object at 0x000002A...
          │                            │    │        └ {'type': 'http', 'asgi': {'version': '3.0', 'spec_version': '2.3'}, 'http_version': '1.1', 'server': ('127.0.0.1', 8000), 'cl...
          │                            │    └ <starlette.requests.Request object at 0x000002ADDB657610>
          │                            └ <function request_response.<locals>.app.<locals>.app at 0x000002ADDB611DA0>
          └ <function wrap_app_handling_exceptions at 0x000002ADC0D037E0>
  File "C:\Users\nikit\OneDrive\Desktop\Python проекты\Sentra\.venv\Lib\site-packages\starlette\_exception_handler.py", line 42, in wrapped_app
    await app(scope, receive, sender)
          │   │      │        └ <function wrap_app_handling_exceptions.<locals>.wrapped_app.<locals>.sender at 0x000002ADDB611EE0>
          │   │      └ <bound method RequestResponseCycle.receive of <uvicorn.protocols.http.httptools_impl.RequestResponseCycle object at 0x000002A...
          │   └ {'type': 'http', 'asgi': {'version': '3.0', 'spec_version': '2.3'}, 'http_version': '1.1', 'server': ('127.0.0.1', 8000), 'cl...
          └ <function request_response.<locals>.app.<locals>.app at 0x000002ADDB611DA0>
  File "C:\Users\nikit\OneDrive\Desktop\Python проекты\Sentra\.venv\Lib\site-packages\fastapi\routing.py", line 136, in app
    response = await f(request)
                     │ └ <starlette.requests.Request object at 0x000002ADDB657610>
                     └ <function get_request_handler.<locals>.app at 0x000002ADDB611C60>
  File "C:\Users\nikit\OneDrive\Desktop\Python проекты\Sentra\.venv\Lib\site-packages\fastapi\routing.py", line 690, in app
    raw_response = await run_endpoint_function(
                         └ <function run_endpoint_function at 0x000002ADC0D3F6A0>
  File "C:\Users\nikit\OneDrive\Desktop\Python проекты\Sentra\.venv\Lib\site-packages\fastapi\routing.py", line 344, in run_endpoint_function
    return await dependant.call(**values)
                 │         │      └ {'current_user': <backend.database.models.user.User object at 0x000002ADDB669FD0>, 'employee_id': 2, 'file': UploadFile(filen...
                 │         └ <function upload_knowledge_file at 0x000002ADDB6107C0>
                 └ Dependant(path_params=[ModelField(field_info=Path(PydanticUndefined), name='employee_id', mode='validation', config=None)], q...

  File "C:\Users\nikit\OneDrive\Desktop\Python проекты\Sentra\backend\api\routers\file_router.py", line 52, in upload_knowledge_file
    return await knowledge_file_service.upload(
                 │                      └ <function KnowledgeFileService.upload at 0x000002ADDB610360>
                 └ <backend.services.knowledge_file_service.KnowledgeFileService object at 0x000002ADDB60C690>

  File "C:\Users\nikit\OneDrive\Desktop\Python проекты\Sentra\backend\services\knowledge_file_service.py", line 80, in upload
    await loader_service.document_loader(doc=file,employee_id=employee_id)
          │              │                   │                └ 2
          │              │                   └ <backend.database.models.knowledge_file.KnowledgeFile object at 0x000002ADDB66A120>
          │              └ <function Provider.inject_session.<locals>.wrapper at 0x000002ADDB5FA2A0>
          └ <backend.services.loader_service.DocumentLoader object at 0x000002ADDA41FA10>

  File "C:\Users\nikit\OneDrive\Desktop\Python проекты\Sentra\backend\utils\depends.py", line 51, in wrapper
    res = await asyncio.wait_for(
                │       └ <function wait_for at 0x000002ADBF90D440>
                └ <module 'asyncio' from 'C:\\Users\\nikit\\AppData\\Roaming\\uv\\python\\cpython-3.13-windows-x86_64-none\\Lib\\asyncio\\__ini...

  File "C:\Users\nikit\AppData\Roaming\uv\python\cpython-3.13-windows-x86_64-none\Lib\asyncio\tasks.py", line 507, in wait_for
    return await fut
                 └ <coroutine object DocumentLoader.document_loader at 0x000002ADDB638880>

> File "C:\Users\nikit\OneDrive\Desktop\Python проекты\Sentra\backend\services\loader_service.py", line 29, in document_loader
    raw_path = doc.path
               └ <backend.database.models.knowledge_file.KnowledgeFile object at 0x000002ADDB66A120>

AttributeError: 'KnowledgeFile' object has no attribute 'path'
[2026-07-07 22:13:41.026] [INFO    ] [backend.services.loader_service:43] - Получил pdf файл
[2026-07-07 22:13:41.075] [ERROR   ] [backend.services.loader_service:78] - Ошибка при загрузке документа
Traceback (most recent call last):

  File "C:\Users\nikit\OneDrive\Desktop\Python проекты\Sentra\.venv\Lib\site-packages\langchain_community\document_loaders\parsers\pdf.py", line 953, in _lazy_parse
    import pymupdf

ModuleNotFoundError: No module named 'pymupdf'


During handling of the above exception, another exception occurred:


Traceback (most recent call last):

  File "<string>", line 1, in <module>
  File "C:\Users\nikit\AppData\Roaming\uv\python\cpython-3.13-windows-x86_64-none\Lib\multiprocessing\spawn.py", line 122, in spawn_main
    exitcode = _main(fd, parent_sentinel)
               │     │   └ 668
               │     └ 3
               └ <function _main at 0x000002C5C9309D00>
  File "C:\Users\nikit\AppData\Roaming\uv\python\cpython-3.13-windows-x86_64-none\Lib\multiprocessing\spawn.py", line 135, in _main
    return self._bootstrap(parent_sentinel)
           │    │          └ 668
           │    └ <function BaseProcess._bootstrap at 0x000002C5C9010FE0>
           └ <SpawnProcess name='SpawnProcess-55' parent=26680 started>
  File "C:\Users\nikit\AppData\Roaming\uv\python\cpython-3.13-windows-x86_64-none\Lib\multiprocessing\process.py", line 313, in _bootstrap
    self.run()
    │    └ <function BaseProcess.run at 0x000002C5C9010540>
    └ <SpawnProcess name='SpawnProcess-55' parent=26680 started>
  File "C:\Users\nikit\AppData\Roaming\uv\python\cpython-3.13-windows-x86_64-none\Lib\multiprocessing\process.py", line 108, in run
    self._target(*self._args, **self._kwargs)
    │    │        │    │        │    └ {'config': <uvicorn.config.Config object at 0x000002C5C9E94590>, 'target': <bound method Server.run of <uvicorn.server.Server...
    │    │        │    │        └ <SpawnProcess name='SpawnProcess-55' parent=26680 started>
    │    │        │    └ ()
    │    │        └ <SpawnProcess name='SpawnProcess-55' parent=26680 started>
    │    └ <function subprocess_started at 0x000002C5C9CDC0E0>
    └ <SpawnProcess name='SpawnProcess-55' parent=26680 started>
  File "C:\Users\nikit\OneDrive\Desktop\Python проекты\Sentra\.venv\Lib\site-packages\uvicorn\_subprocess.py", line 80, in subprocess_started
    target(sockets=sockets)
    │              └ [<socket.socket fd=640, family=2, type=1, proto=6, laddr=('127.0.0.1', 8000)>]
    └ <bound method Server.run of <uvicorn.server.Server object at 0x000002C5C9E946E0>>
  File "C:\Users\nikit\OneDrive\Desktop\Python проекты\Sentra\.venv\Lib\site-packages\uvicorn\server.py", line 74, in run
    return asyncio_run(self.serve(sockets=sockets), loop_factory=self.config.get_loop_factory())
           │           │    │             │                      │    │      └ <function Config.get_loop_factory at 0x000002C5C9B4EDE0>
           │           │    │             │                      │    └ <uvicorn.config.Config object at 0x000002C5C9E94590>
           │           │    │             │                      └ <uvicorn.server.Server object at 0x000002C5C9E946E0>
           │           │    │             └ [<socket.socket fd=640, family=2, type=1, proto=6, laddr=('127.0.0.1', 8000)>]
           │           │    └ <function Server.serve at 0x000002C5C9CCF060>
           │           └ <uvicorn.server.Server object at 0x000002C5C9E946E0>
           └ <function run at 0x000002C5C957BF60>
  File "C:\Users\nikit\AppData\Roaming\uv\python\cpython-3.13-windows-x86_64-none\Lib\asyncio\runners.py", line 195, in run
    return runner.run(main)
           │      │   └ <coroutine object Server.serve at 0x000002C5C9E57840>
           │      └ <function Runner.run at 0x000002C5C99B7B00>
           └ <asyncio.runners.Runner object at 0x000002C5C9E952B0>
  File "C:\Users\nikit\AppData\Roaming\uv\python\cpython-3.13-windows-x86_64-none\Lib\asyncio\runners.py", line 118, in run
    return self._loop.run_until_complete(task)
           │    │     │                  └ <Task pending name='Task-1' coro=<Server.serve() running at C:\Users\nikit\OneDrive\Desktop\Python проекты\Sentra\.venv\Lib\s...
           │    │     └ <function BaseEventLoop.run_until_complete at 0x000002C5C99B56C0>
           │    └ <_WindowsSelectorEventLoop running=True closed=False debug=False>
           └ <asyncio.runners.Runner object at 0x000002C5C9E952B0>
  File "C:\Users\nikit\AppData\Roaming\uv\python\cpython-3.13-windows-x86_64-none\Lib\asyncio\base_events.py", line 712, in run_until_complete
    self.run_forever()
    │    └ <function BaseEventLoop.run_forever at 0x000002C5C99B5620>
    └ <_WindowsSelectorEventLoop running=True closed=False debug=False>
  File "C:\Users\nikit\AppData\Roaming\uv\python\cpython-3.13-windows-x86_64-none\Lib\asyncio\base_events.py", line 683, in run_forever
    self._run_once()
    │    └ <function BaseEventLoop._run_once at 0x000002C5C99B7420>
    └ <_WindowsSelectorEventLoop running=True closed=False debug=False>
  File "C:\Users\nikit\AppData\Roaming\uv\python\cpython-3.13-windows-x86_64-none\Lib\asyncio\base_events.py", line 2061, in _run_once
    handle._run()
    │      └ <function Handle._run at 0x000002C5C95491C0>
    └ <Handle Task.task_wakeup()>
  File "C:\Users\nikit\AppData\Roaming\uv\python\cpython-3.13-windows-x86_64-none\Lib\asyncio\events.py", line 89, in _run
    self._context.run(self._callback, *self._args)
    │    │            │    │           │    └ <member '_args' of 'Handle' objects>
    │    │            │    │           └ <Handle Task.task_wakeup()>
    │    │            │    └ <member '_callback' of 'Handle' objects>
    │    │            └ <Handle Task.task_wakeup()>
    │    └ <member '_context' of 'Handle' objects>
    └ <Handle Task.task_wakeup()>
  File "C:\Users\nikit\OneDrive\Desktop\Python проекты\Sentra\.venv\Lib\site-packages\uvicorn\protocols\http\httptools_impl.py", line 422, in run_asgi
    result = await app(  # type: ignore[func-returns-value]
                   └ <uvicorn.middleware.proxy_headers.ProxyHeadersMiddleware object at 0x000002C5E56923C0>
  File "C:\Users\nikit\OneDrive\Desktop\Python проекты\Sentra\.venv\Lib\site-packages\uvicorn\middleware\proxy_headers.py", line 63, in __call__
    return await self.app(scope, receive, send)
                 │    │   │      │        └ <bound method RequestResponseCycle.send of <uvicorn.protocols.http.httptools_impl.RequestResponseCycle object at 0x000002C5E5...
                 │    │   │      └ <bound method RequestResponseCycle.receive of <uvicorn.protocols.http.httptools_impl.RequestResponseCycle object at 0x000002C...
                 │    │   └ {'type': 'http', 'asgi': {'version': '3.0', 'spec_version': '2.3'}, 'http_version': '1.1', 'server': ('127.0.0.1', 8000), 'cl...
                 │    └ <fastapi.applications.FastAPI object at 0x000002C5E5690980>
                 └ <uvicorn.middleware.proxy_headers.ProxyHeadersMiddleware object at 0x000002C5E56923C0>
  File "C:\Users\nikit\OneDrive\Desktop\Python проекты\Sentra\.venv\Lib\site-packages\fastapi\applications.py", line 1163, in __call__
    await super().__call__(scope, receive, send)
                           │      │        └ <bound method RequestResponseCycle.send of <uvicorn.protocols.http.httptools_impl.RequestResponseCycle object at 0x000002C5E5...
                           │      └ <bound method RequestResponseCycle.receive of <uvicorn.protocols.http.httptools_impl.RequestResponseCycle object at 0x000002C...
                           └ {'type': 'http', 'asgi': {'version': '3.0', 'spec_version': '2.3'}, 'http_version': '1.1', 'server': ('127.0.0.1', 8000), 'cl...
  File "C:\Users\nikit\OneDrive\Desktop\Python проекты\Sentra\.venv\Lib\site-packages\starlette\applications.py", line 90, in __call__
    await self.middleware_stack(scope, receive, send)
          │    │                │      │        └ <bound method RequestResponseCycle.send of <uvicorn.protocols.http.httptools_impl.RequestResponseCycle object at 0x000002C5E5...
          │    │                │      └ <bound method RequestResponseCycle.receive of <uvicorn.protocols.http.httptools_impl.RequestResponseCycle object at 0x000002C...
          │    │                └ {'type': 'http', 'asgi': {'version': '3.0', 'spec_version': '2.3'}, 'http_version': '1.1', 'server': ('127.0.0.1', 8000), 'cl...
          │    └ <starlette.middleware.errors.ServerErrorMiddleware object at 0x000002C5E5692E40>
          └ <fastapi.applications.FastAPI object at 0x000002C5E5690980>
  File "C:\Users\nikit\OneDrive\Desktop\Python проекты\Sentra\.venv\Lib\site-packages\starlette\middleware\errors.py", line 164, in __call__
    await self.app(scope, receive, _send)
          │    │   │      │        └ <function ServerErrorMiddleware.__call__.<locals>._send at 0x000002C5E5731940>
          │    │   │      └ <bound method RequestResponseCycle.receive of <uvicorn.protocols.http.httptools_impl.RequestResponseCycle object at 0x000002C...
          │    │   └ {'type': 'http', 'asgi': {'version': '3.0', 'spec_version': '2.3'}, 'http_version': '1.1', 'server': ('127.0.0.1', 8000), 'cl...
          │    └ <starlette.middleware.cors.CORSMiddleware object at 0x000002C5E5692CF0>
          └ <starlette.middleware.errors.ServerErrorMiddleware object at 0x000002C5E5692E40>
  File "C:\Users\nikit\OneDrive\Desktop\Python проекты\Sentra\.venv\Lib\site-packages\starlette\middleware\cors.py", line 96, in __call__
    await self.simple_response(scope, receive, send, request_headers=headers)
          │    │               │      │        │                     └ Headers({'host': 'localhost:8000', 'connection': 'keep-alive', 'content-length': '26645', 'sec-ch-ua-platform': '"Windows"', ...
          │    │               │      │        └ <function ServerErrorMiddleware.__call__.<locals>._send at 0x000002C5E5731940>
          │    │               │      └ <bound method RequestResponseCycle.receive of <uvicorn.protocols.http.httptools_impl.RequestResponseCycle object at 0x000002C...
          │    │               └ {'type': 'http', 'asgi': {'version': '3.0', 'spec_version': '2.3'}, 'http_version': '1.1', 'server': ('127.0.0.1', 8000), 'cl...
          │    └ <function CORSMiddleware.simple_response at 0x000002C5CAF1CF40>
          └ <starlette.middleware.cors.CORSMiddleware object at 0x000002C5E5692CF0>
  File "C:\Users\nikit\OneDrive\Desktop\Python проекты\Sentra\.venv\Lib\site-packages\starlette\middleware\cors.py", line 154, in simple_response
    await self.app(scope, receive, send)
          │    │   │      │        └ functools.partial(<bound method CORSMiddleware.send of <starlette.middleware.cors.CORSMiddleware object at 0x000002C5E5692CF0...
          │    │   │      └ <bound method RequestResponseCycle.receive of <uvicorn.protocols.http.httptools_impl.RequestResponseCycle object at 0x000002C...
          │    │   └ {'type': 'http', 'asgi': {'version': '3.0', 'spec_version': '2.3'}, 'http_version': '1.1', 'server': ('127.0.0.1', 8000), 'cl...
          │    └ <starlette.middleware.exceptions.ExceptionMiddleware object at 0x000002C5E5692BA0>
          └ <starlette.middleware.cors.CORSMiddleware object at 0x000002C5E5692CF0>
  File "C:\Users\nikit\OneDrive\Desktop\Python проекты\Sentra\.venv\Lib\site-packages\starlette\middleware\exceptions.py", line 63, in __call__
    await wrap_app_handling_exceptions(self.app, conn)(scope, receive, send)
          │                            │    │    │     │      │        └ functools.partial(<bound method CORSMiddleware.send of <starlette.middleware.cors.CORSMiddleware object at 0x000002C5E5692CF0...
          │                            │    │    │     │      └ <bound method RequestResponseCycle.receive of <uvicorn.protocols.http.httptools_impl.RequestResponseCycle object at 0x000002C...
          │                            │    │    │     └ {'type': 'http', 'asgi': {'version': '3.0', 'spec_version': '2.3'}, 'http_version': '1.1', 'server': ('127.0.0.1', 8000), 'cl...
          │                            │    │    └ <starlette.requests.Request object at 0x000002C5E5693620>
          │                            │    └ <fastapi.middleware.asyncexitstack.AsyncExitStackMiddleware object at 0x000002C5E5692A50>
          │                            └ <starlette.middleware.exceptions.ExceptionMiddleware object at 0x000002C5E5692BA0>
          └ <function wrap_app_handling_exceptions at 0x000002C5CAE337E0>
  File "C:\Users\nikit\OneDrive\Desktop\Python проекты\Sentra\.venv\Lib\site-packages\starlette\_exception_handler.py", line 42, in wrapped_app
    await app(scope, receive, sender)
          │   │      │        └ <function wrap_app_handling_exceptions.<locals>.wrapped_app.<locals>.sender at 0x000002C5E5731BC0>
          │   │      └ <bound method RequestResponseCycle.receive of <uvicorn.protocols.http.httptools_impl.RequestResponseCycle object at 0x000002C...
          │   └ {'type': 'http', 'asgi': {'version': '3.0', 'spec_version': '2.3'}, 'http_version': '1.1', 'server': ('127.0.0.1', 8000), 'cl...
          └ <fastapi.middleware.asyncexitstack.AsyncExitStackMiddleware object at 0x000002C5E5692A50>
  File "C:\Users\nikit\OneDrive\Desktop\Python проекты\Sentra\.venv\Lib\site-packages\fastapi\middleware\asyncexitstack.py", line 18, in __call__
    await self.app(scope, receive, send)
          │    │   │      │        └ <function wrap_app_handling_exceptions.<locals>.wrapped_app.<locals>.sender at 0x000002C5E5731BC0>
          │    │   │      └ <bound method RequestResponseCycle.receive of <uvicorn.protocols.http.httptools_impl.RequestResponseCycle object at 0x000002C...
          │    │   └ {'type': 'http', 'asgi': {'version': '3.0', 'spec_version': '2.3'}, 'http_version': '1.1', 'server': ('127.0.0.1', 8000), 'cl...
          │    └ <fastapi.routing.APIRouter object at 0x000002C5E57056E0>
          └ <fastapi.middleware.asyncexitstack.AsyncExitStackMiddleware object at 0x000002C5E5692A50>
  File "C:\Users\nikit\OneDrive\Desktop\Python проекты\Sentra\.venv\Lib\site-packages\starlette\routing.py", line 660, in __call__
    await self.middleware_stack(scope, receive, send)
          │    │                │      │        └ <function wrap_app_handling_exceptions.<locals>.wrapped_app.<locals>.sender at 0x000002C5E5731BC0>
          │    │                │      └ <bound method RequestResponseCycle.receive of <uvicorn.protocols.http.httptools_impl.RequestResponseCycle object at 0x000002C...
          │    │                └ {'type': 'http', 'asgi': {'version': '3.0', 'spec_version': '2.3'}, 'http_version': '1.1', 'server': ('127.0.0.1', 8000), 'cl...
          │    └ <bound method APIRouter.app of <fastapi.routing.APIRouter object at 0x000002C5E57056E0>>
          └ <fastapi.routing.APIRouter object at 0x000002C5E57056E0>
  File "C:\Users\nikit\OneDrive\Desktop\Python проекты\Sentra\.venv\Lib\site-packages\fastapi\routing.py", line 2683, in app
    await route.handle(scope, receive, send)
          │     │      │      │        └ <function wrap_app_handling_exceptions.<locals>.wrapped_app.<locals>.sender at 0x000002C5E5731BC0>
          │     │      │      └ <bound method RequestResponseCycle.receive of <uvicorn.protocols.http.httptools_impl.RequestResponseCycle object at 0x000002C...
          │     │      └ {'type': 'http', 'asgi': {'version': '3.0', 'spec_version': '2.3'}, 'http_version': '1.1', 'server': ('127.0.0.1', 8000), 'cl...
          │     └ <function _IncludedRouter.handle at 0x000002C5CAE7E340>
          └ _IncludedRouter(original_router=<fastapi.routing.APIRouter object at 0x000002C5E572C410>, include_context=_RouterIncludeConte...
  File "C:\Users\nikit\OneDrive\Desktop\Python проекты\Sentra\.venv\Lib\site-packages\fastapi\routing.py", line 1753, in handle
    await self.original_router.handle(scope, receive, send)
          │    │               │      │      │        └ <function wrap_app_handling_exceptions.<locals>.wrapped_app.<locals>.sender at 0x000002C5E5731BC0>
          │    │               │      │      └ <bound method RequestResponseCycle.receive of <uvicorn.protocols.http.httptools_impl.RequestResponseCycle object at 0x000002C...
          │    │               │      └ {'type': 'http', 'asgi': {'version': '3.0', 'spec_version': '2.3'}, 'http_version': '1.1', 'server': ('127.0.0.1', 8000), 'cl...
          │    │               └ <function APIRouter.handle at 0x000002C5CAE98220>
          │    └ <fastapi.routing.APIRouter object at 0x000002C5E572C410>
          └ _IncludedRouter(original_router=<fastapi.routing.APIRouter object at 0x000002C5E572C410>, include_context=_RouterIncludeConte...
  File "C:\Users\nikit\OneDrive\Desktop\Python проекты\Sentra\.venv\Lib\site-packages\fastapi\routing.py", line 2738, in handle
    await included_router._handle_selected(scope, receive, send)
          │               │                │      │        └ <function wrap_app_handling_exceptions.<locals>.wrapped_app.<locals>.sender at 0x000002C5E5731BC0>
          │               │                │      └ <bound method RequestResponseCycle.receive of <uvicorn.protocols.http.httptools_impl.RequestResponseCycle object at 0x000002C...
          │               │                └ {'type': 'http', 'asgi': {'version': '3.0', 'spec_version': '2.3'}, 'http_version': '1.1', 'server': ('127.0.0.1', 8000), 'cl...
          │               └ <function _IncludedRouter._handle_selected at 0x000002C5CAE7E3E0>
          └ _IncludedRouter(original_router=<fastapi.routing.APIRouter object at 0x000002C5E572C410>, include_context=_RouterIncludeConte...
  File "C:\Users\nikit\OneDrive\Desktop\Python проекты\Sentra\.venv\Lib\site-packages\fastapi\routing.py", line 1773, in _handle_selected
    await original_route.handle(scope, receive, send)
          │              │      │      │        └ <function wrap_app_handling_exceptions.<locals>.wrapped_app.<locals>.sender at 0x000002C5E5731BC0>
          │              │      │      └ <bound method RequestResponseCycle.receive of <uvicorn.protocols.http.httptools_impl.RequestResponseCycle object at 0x000002C...
          │              │      └ {'type': 'http', 'asgi': {'version': '3.0', 'spec_version': '2.3'}, 'http_version': '1.1', 'server': ('127.0.0.1', 8000), 'cl...
          │              └ <function APIRoute.handle at 0x000002C5CAE7C360>
          └ APIRoute(path='/employees/{employee_id}/knowledge/upload', name='upload_knowledge_file', methods=['POST'])
  File "C:\Users\nikit\OneDrive\Desktop\Python проекты\Sentra\.venv\Lib\site-packages\fastapi\routing.py", line 1264, in handle
    await app(scope, receive, send)
          │   │      │        └ <function wrap_app_handling_exceptions.<locals>.wrapped_app.<locals>.sender at 0x000002C5E5731BC0>
          │   │      └ <bound method RequestResponseCycle.receive of <uvicorn.protocols.http.httptools_impl.RequestResponseCycle object at 0x000002C...
          │   └ {'type': 'http', 'asgi': {'version': '3.0', 'spec_version': '2.3'}, 'http_version': '1.1', 'server': ('127.0.0.1', 8000), 'cl...
          └ <function request_response.<locals>.app at 0x000002C5E5731DA0>
  File "C:\Users\nikit\OneDrive\Desktop\Python проекты\Sentra\.venv\Lib\site-packages\fastapi\routing.py", line 150, in app
    await wrap_app_handling_exceptions(app, request)(scope, receive, send)
          │                            │    │        │      │        └ <function wrap_app_handling_exceptions.<locals>.wrapped_app.<locals>.sender at 0x000002C5E5731BC0>
          │                            │    │        │      └ <bound method RequestResponseCycle.receive of <uvicorn.protocols.http.httptools_impl.RequestResponseCycle object at 0x000002C...
          │                            │    │        └ {'type': 'http', 'asgi': {'version': '3.0', 'spec_version': '2.3'}, 'http_version': '1.1', 'server': ('127.0.0.1', 8000), 'cl...
          │                            │    └ <starlette.requests.Request object at 0x000002C5E5777890>
          │                            └ <function request_response.<locals>.app.<locals>.app at 0x000002C5E5731E40>
          └ <function wrap_app_handling_exceptions at 0x000002C5CAE337E0>
  File "C:\Users\nikit\OneDrive\Desktop\Python проекты\Sentra\.venv\Lib\site-packages\starlette\_exception_handler.py", line 42, in wrapped_app
    await app(scope, receive, sender)
          │   │      │        └ <function wrap_app_handling_exceptions.<locals>.wrapped_app.<locals>.sender at 0x000002C5E5731F80>
          │   │      └ <bound method RequestResponseCycle.receive of <uvicorn.protocols.http.httptools_impl.RequestResponseCycle object at 0x000002C...
          │   └ {'type': 'http', 'asgi': {'version': '3.0', 'spec_version': '2.3'}, 'http_version': '1.1', 'server': ('127.0.0.1', 8000), 'cl...
          └ <function request_response.<locals>.app.<locals>.app at 0x000002C5E5731E40>
  File "C:\Users\nikit\OneDrive\Desktop\Python проекты\Sentra\.venv\Lib\site-packages\fastapi\routing.py", line 136, in app
    response = await f(request)
                     │ └ <starlette.requests.Request object at 0x000002C5E5777890>
                     └ <function get_request_handler.<locals>.app at 0x000002C5E5731D00>
  File "C:\Users\nikit\OneDrive\Desktop\Python проекты\Sentra\.venv\Lib\site-packages\fastapi\routing.py", line 690, in app
    raw_response = await run_endpoint_function(
                         └ <function run_endpoint_function at 0x000002C5CAE6F6A0>
  File "C:\Users\nikit\OneDrive\Desktop\Python проекты\Sentra\.venv\Lib\site-packages\fastapi\routing.py", line 344, in run_endpoint_function
    return await dependant.call(**values)
                 │         │      └ {'current_user': <backend.database.models.user.User object at 0x000002C5E5789D30>, 'employee_id': 2, 'file': UploadFile(filen...
                 │         └ <function upload_knowledge_file at 0x000002C5E57307C0>
                 └ Dependant(path_params=[ModelField(field_info=Path(PydanticUndefined), name='employee_id', mode='validation', config=None)], q...

  File "C:\Users\nikit\OneDrive\Desktop\Python проекты\Sentra\backend\api\routers\file_router.py", line 52, in upload_knowledge_file
    return await knowledge_file_service.upload(
                 │                      └ <function KnowledgeFileService.upload at 0x000002C5E5730360>
                 └ <backend.services.knowledge_file_service.KnowledgeFileService object at 0x000002C5E572C690>

  File "C:\Users\nikit\OneDrive\Desktop\Python проекты\Sentra\backend\services\knowledge_file_service.py", line 80, in upload
    await loader_service.document_loader(doc=file,employee_id=employee_id)
          │              │                   │                └ 2
          │              │                   └ <backend.database.models.knowledge_file.KnowledgeFile object at 0x000002C5E5789E80>
          │              └ <function Provider.inject_session.<locals>.wrapper at 0x000002C5E571A2A0>
          └ <backend.services.loader_service.DocumentLoader object at 0x000002C5E453FA10>

  File "C:\Users\nikit\OneDrive\Desktop\Python проекты\Sentra\backend\utils\depends.py", line 51, in wrapper
    res = await asyncio.wait_for(
                │       └ <function wait_for at 0x000002C5C99AD440>
                └ <module 'asyncio' from 'C:\\Users\\nikit\\AppData\\Roaming\\uv\\python\\cpython-3.13-windows-x86_64-none\\Lib\\asyncio\\__ini...

  File "C:\Users\nikit\AppData\Roaming\uv\python\cpython-3.13-windows-x86_64-none\Lib\asyncio\tasks.py", line 507, in wait_for
    return await fut
                 └ <coroutine object DocumentLoader.document_loader at 0x000002C5E5758880>

> File "C:\Users\nikit\OneDrive\Desktop\Python проекты\Sentra\backend\services\loader_service.py", line 52, in document_loader
    docs = loader.load()
           │      └ <function PyMuPDFLoader.load at 0x000002C5E5677100>
           └ <langchain_community.document_loaders.pdf.PyMuPDFLoader object at 0x000002C5E578A900>

  File "C:\Users\nikit\OneDrive\Desktop\Python проекты\Sentra\.venv\Lib\site-packages\langchain_community\document_loaders\pdf.py", line 853, in load
    return list(self._lazy_load(**kwargs))
                │    │            └ {}
                │    └ <function PyMuPDFLoader._lazy_load at 0x000002C5E5677060>
                └ <langchain_community.document_loaders.pdf.PyMuPDFLoader object at 0x000002C5E578A900>
  File "C:\Users\nikit\OneDrive\Desktop\Python проекты\Sentra\.venv\Lib\site-packages\langchain_community\document_loaders\pdf.py", line 850, in _lazy_load
    yield from parser._lazy_parse(blob, text_kwargs=kwargs)
               │      │           │                 └ {}
               │      │           └ Blob 3048982059504 uploads\knowledge\719e123f4a8f4217ba9634388e715a3b.pdf
               │      └ <function PyMuPDFParser._lazy_parse at 0x000002C5E56758A0>
               └ <langchain_community.document_loaders.parsers.pdf.PyMuPDFParser object at 0x000002C5E578B770>
  File "C:\Users\nikit\OneDrive\Desktop\Python проекты\Sentra\.venv\Lib\site-packages\langchain_community\document_loaders\parsers\pdf.py", line 990, in _lazy_parse
    raise ImportError(

ImportError: pymupdf package not found, please install it with `pip install pymupdf`
[2026-07-07 22:14:11.087] [INFO    ] [backend.services.loader_service:43] - Получил pdf файл
[2026-07-07 22:14:12.689] [ERROR   ] [backend.services.loader_service:78] - Ошибка при загрузке документа
Traceback (most recent call last):

  File "<string>", line 1, in <module>
  File "C:\Users\nikit\AppData\Roaming\uv\python\cpython-3.13-windows-x86_64-none\Lib\multiprocessing\spawn.py", line 122, in spawn_main
    exitcode = _main(fd, parent_sentinel)
               │     │   └ 680
               │     └ 3
               └ <function _main at 0x000001DE0AB49D00>
  File "C:\Users\nikit\AppData\Roaming\uv\python\cpython-3.13-windows-x86_64-none\Lib\multiprocessing\spawn.py", line 135, in _main
    return self._bootstrap(parent_sentinel)
           │    │          └ 680
           │    └ <function BaseProcess._bootstrap at 0x000001DE0A850FE0>
           └ <SpawnProcess name='SpawnProcess-56' parent=26680 started>
  File "C:\Users\nikit\AppData\Roaming\uv\python\cpython-3.13-windows-x86_64-none\Lib\multiprocessing\process.py", line 313, in _bootstrap
    self.run()
    │    └ <function BaseProcess.run at 0x000001DE0A850540>
    └ <SpawnProcess name='SpawnProcess-56' parent=26680 started>
  File "C:\Users\nikit\AppData\Roaming\uv\python\cpython-3.13-windows-x86_64-none\Lib\multiprocessing\process.py", line 108, in run
    self._target(*self._args, **self._kwargs)
    │    │        │    │        │    └ {'config': <uvicorn.config.Config object at 0x000001DE0B684590>, 'target': <bound method Server.run of <uvicorn.server.Server...
    │    │        │    │        └ <SpawnProcess name='SpawnProcess-56' parent=26680 started>
    │    │        │    └ ()
    │    │        └ <SpawnProcess name='SpawnProcess-56' parent=26680 started>
    │    └ <function subprocess_started at 0x000001DE0B4FC0E0>
    └ <SpawnProcess name='SpawnProcess-56' parent=26680 started>
  File "C:\Users\nikit\OneDrive\Desktop\Python проекты\Sentra\.venv\Lib\site-packages\uvicorn\_subprocess.py", line 80, in subprocess_started
    target(sockets=sockets)
    │              └ [<socket.socket fd=740, family=2, type=1, proto=6, laddr=('127.0.0.1', 8000)>]
    └ <bound method Server.run of <uvicorn.server.Server object at 0x000001DE0B6846E0>>
  File "C:\Users\nikit\OneDrive\Desktop\Python проекты\Sentra\.venv\Lib\site-packages\uvicorn\server.py", line 74, in run
    return asyncio_run(self.serve(sockets=sockets), loop_factory=self.config.get_loop_factory())
           │           │    │             │                      │    │      └ <function Config.get_loop_factory at 0x000001DE0B38EDE0>
           │           │    │             │                      │    └ <uvicorn.config.Config object at 0x000001DE0B684590>
           │           │    │             │                      └ <uvicorn.server.Server object at 0x000001DE0B6846E0>
           │           │    │             └ [<socket.socket fd=740, family=2, type=1, proto=6, laddr=('127.0.0.1', 8000)>]
           │           │    └ <function Server.serve at 0x000001DE0B4EF060>
           │           └ <uvicorn.server.Server object at 0x000001DE0B6846E0>
           └ <function run at 0x000001DE0ADBBF60>
  File "C:\Users\nikit\AppData\Roaming\uv\python\cpython-3.13-windows-x86_64-none\Lib\asyncio\runners.py", line 195, in run
    return runner.run(main)
           │      │   └ <coroutine object Server.serve at 0x000001DE0B647840>
           │      └ <function Runner.run at 0x000001DE0B1F7B00>
           └ <asyncio.runners.Runner object at 0x000001DE0B6852B0>
  File "C:\Users\nikit\AppData\Roaming\uv\python\cpython-3.13-windows-x86_64-none\Lib\asyncio\runners.py", line 118, in run
    return self._loop.run_until_complete(task)
           │    │     │                  └ <Task pending name='Task-1' coro=<Server.serve() running at C:\Users\nikit\OneDrive\Desktop\Python проекты\Sentra\.venv\Lib\s...
           │    │     └ <function BaseEventLoop.run_until_complete at 0x000001DE0B1F56C0>
           │    └ <_WindowsSelectorEventLoop running=True closed=False debug=False>
           └ <asyncio.runners.Runner object at 0x000001DE0B6852B0>
  File "C:\Users\nikit\AppData\Roaming\uv\python\cpython-3.13-windows-x86_64-none\Lib\asyncio\base_events.py", line 712, in run_until_complete
    self.run_forever()
    │    └ <function BaseEventLoop.run_forever at 0x000001DE0B1F5620>
    └ <_WindowsSelectorEventLoop running=True closed=False debug=False>
  File "C:\Users\nikit\AppData\Roaming\uv\python\cpython-3.13-windows-x86_64-none\Lib\asyncio\base_events.py", line 683, in run_forever
    self._run_once()
    │    └ <function BaseEventLoop._run_once at 0x000001DE0B1F7420>
    └ <_WindowsSelectorEventLoop running=True closed=False debug=False>
  File "C:\Users\nikit\AppData\Roaming\uv\python\cpython-3.13-windows-x86_64-none\Lib\asyncio\base_events.py", line 2061, in _run_once
    handle._run()
    │      └ <function Handle._run at 0x000001DE0AD891C0>
    └ <Handle Task.task_wakeup()>
  File "C:\Users\nikit\AppData\Roaming\uv\python\cpython-3.13-windows-x86_64-none\Lib\asyncio\events.py", line 89, in _run
    self._context.run(self._callback, *self._args)
    │    │            │    │           │    └ <member '_args' of 'Handle' objects>
    │    │            │    │           └ <Handle Task.task_wakeup()>
    │    │            │    └ <member '_callback' of 'Handle' objects>
    │    │            └ <Handle Task.task_wakeup()>
    │    └ <member '_context' of 'Handle' objects>
    └ <Handle Task.task_wakeup()>
  File "C:\Users\nikit\OneDrive\Desktop\Python проекты\Sentra\.venv\Lib\site-packages\uvicorn\protocols\http\httptools_impl.py", line 422, in run_asgi
    result = await app(  # type: ignore[func-returns-value]
                   └ <uvicorn.middleware.proxy_headers.ProxyHeadersMiddleware object at 0x000001DE25DB23C0>
  File "C:\Users\nikit\OneDrive\Desktop\Python проекты\Sentra\.venv\Lib\site-packages\uvicorn\middleware\proxy_headers.py", line 63, in __call__
    return await self.app(scope, receive, send)
                 │    │   │      │        └ <bound method RequestResponseCycle.send of <uvicorn.protocols.http.httptools_impl.RequestResponseCycle object at 0x000001DE25...
                 │    │   │      └ <bound method RequestResponseCycle.receive of <uvicorn.protocols.http.httptools_impl.RequestResponseCycle object at 0x000001D...
                 │    │   └ {'type': 'http', 'asgi': {'version': '3.0', 'spec_version': '2.3'}, 'http_version': '1.1', 'server': ('127.0.0.1', 8000), 'cl...
                 │    └ <fastapi.applications.FastAPI object at 0x000001DE25DB0980>
                 └ <uvicorn.middleware.proxy_headers.ProxyHeadersMiddleware object at 0x000001DE25DB23C0>
  File "C:\Users\nikit\OneDrive\Desktop\Python проекты\Sentra\.venv\Lib\site-packages\fastapi\applications.py", line 1163, in __call__
    await super().__call__(scope, receive, send)
                           │      │        └ <bound method RequestResponseCycle.send of <uvicorn.protocols.http.httptools_impl.RequestResponseCycle object at 0x000001DE25...
                           │      └ <bound method RequestResponseCycle.receive of <uvicorn.protocols.http.httptools_impl.RequestResponseCycle object at 0x000001D...
                           └ {'type': 'http', 'asgi': {'version': '3.0', 'spec_version': '2.3'}, 'http_version': '1.1', 'server': ('127.0.0.1', 8000), 'cl...
  File "C:\Users\nikit\OneDrive\Desktop\Python проекты\Sentra\.venv\Lib\site-packages\starlette\applications.py", line 90, in __call__
    await self.middleware_stack(scope, receive, send)
          │    │                │      │        └ <bound method RequestResponseCycle.send of <uvicorn.protocols.http.httptools_impl.RequestResponseCycle object at 0x000001DE25...
          │    │                │      └ <bound method RequestResponseCycle.receive of <uvicorn.protocols.http.httptools_impl.RequestResponseCycle object at 0x000001D...
          │    │                └ {'type': 'http', 'asgi': {'version': '3.0', 'spec_version': '2.3'}, 'http_version': '1.1', 'server': ('127.0.0.1', 8000), 'cl...
          │    └ <starlette.middleware.errors.ServerErrorMiddleware object at 0x000001DE25DB2E40>
          └ <fastapi.applications.FastAPI object at 0x000001DE25DB0980>
  File "C:\Users\nikit\OneDrive\Desktop\Python проекты\Sentra\.venv\Lib\site-packages\starlette\middleware\errors.py", line 164, in __call__
    await self.app(scope, receive, _send)
          │    │   │      │        └ <function ServerErrorMiddleware.__call__.<locals>._send at 0x000001DE25E519E0>
          │    │   │      └ <bound method RequestResponseCycle.receive of <uvicorn.protocols.http.httptools_impl.RequestResponseCycle object at 0x000001D...
          │    │   └ {'type': 'http', 'asgi': {'version': '3.0', 'spec_version': '2.3'}, 'http_version': '1.1', 'server': ('127.0.0.1', 8000), 'cl...
          │    └ <starlette.middleware.cors.CORSMiddleware object at 0x000001DE25DB2CF0>
          └ <starlette.middleware.errors.ServerErrorMiddleware object at 0x000001DE25DB2E40>
  File "C:\Users\nikit\OneDrive\Desktop\Python проекты\Sentra\.venv\Lib\site-packages\starlette\middleware\cors.py", line 96, in __call__
    await self.simple_response(scope, receive, send, request_headers=headers)
          │    │               │      │        │                     └ Headers({'host': 'localhost:8000', 'connection': 'keep-alive', 'content-length': '101585', 'sec-ch-ua-platform': '"Windows"',...
          │    │               │      │        └ <function ServerErrorMiddleware.__call__.<locals>._send at 0x000001DE25E519E0>
          │    │               │      └ <bound method RequestResponseCycle.receive of <uvicorn.protocols.http.httptools_impl.RequestResponseCycle object at 0x000001D...
          │    │               └ {'type': 'http', 'asgi': {'version': '3.0', 'spec_version': '2.3'}, 'http_version': '1.1', 'server': ('127.0.0.1', 8000), 'cl...
          │    └ <function CORSMiddleware.simple_response at 0x000001DE0C67CF40>
          └ <starlette.middleware.cors.CORSMiddleware object at 0x000001DE25DB2CF0>
  File "C:\Users\nikit\OneDrive\Desktop\Python проекты\Sentra\.venv\Lib\site-packages\starlette\middleware\cors.py", line 154, in simple_response
    await self.app(scope, receive, send)
          │    │   │      │        └ functools.partial(<bound method CORSMiddleware.send of <starlette.middleware.cors.CORSMiddleware object at 0x000001DE25DB2CF0...
          │    │   │      └ <bound method RequestResponseCycle.receive of <uvicorn.protocols.http.httptools_impl.RequestResponseCycle object at 0x000001D...
          │    │   └ {'type': 'http', 'asgi': {'version': '3.0', 'spec_version': '2.3'}, 'http_version': '1.1', 'server': ('127.0.0.1', 8000), 'cl...
          │    └ <starlette.middleware.exceptions.ExceptionMiddleware object at 0x000001DE25DB2BA0>
          └ <starlette.middleware.cors.CORSMiddleware object at 0x000001DE25DB2CF0>
  File "C:\Users\nikit\OneDrive\Desktop\Python проекты\Sentra\.venv\Lib\site-packages\starlette\middleware\exceptions.py", line 63, in __call__
    await wrap_app_handling_exceptions(self.app, conn)(scope, receive, send)
          │                            │    │    │     │      │        └ functools.partial(<bound method CORSMiddleware.send of <starlette.middleware.cors.CORSMiddleware object at 0x000001DE25DB2CF0...
          │                            │    │    │     │      └ <bound method RequestResponseCycle.receive of <uvicorn.protocols.http.httptools_impl.RequestResponseCycle object at 0x000001D...
          │                            │    │    │     └ {'type': 'http', 'asgi': {'version': '3.0', 'spec_version': '2.3'}, 'http_version': '1.1', 'server': ('127.0.0.1', 8000), 'cl...
          │                            │    │    └ <starlette.requests.Request object at 0x000001DE25DB38C0>
          │                            │    └ <fastapi.middleware.asyncexitstack.AsyncExitStackMiddleware object at 0x000001DE25DB2A50>
          │                            └ <starlette.middleware.exceptions.ExceptionMiddleware object at 0x000001DE25DB2BA0>
          └ <function wrap_app_handling_exceptions at 0x000001DE0C5937E0>
  File "C:\Users\nikit\OneDrive\Desktop\Python проекты\Sentra\.venv\Lib\site-packages\starlette\_exception_handler.py", line 42, in wrapped_app
    await app(scope, receive, sender)
          │   │      │        └ <function wrap_app_handling_exceptions.<locals>.wrapped_app.<locals>.sender at 0x000001DE25E51B20>
          │   │      └ <bound method RequestResponseCycle.receive of <uvicorn.protocols.http.httptools_impl.RequestResponseCycle object at 0x000001D...
          │   └ {'type': 'http', 'asgi': {'version': '3.0', 'spec_version': '2.3'}, 'http_version': '1.1', 'server': ('127.0.0.1', 8000), 'cl...
          └ <fastapi.middleware.asyncexitstack.AsyncExitStackMiddleware object at 0x000001DE25DB2A50>
  File "C:\Users\nikit\OneDrive\Desktop\Python проекты\Sentra\.venv\Lib\site-packages\fastapi\middleware\asyncexitstack.py", line 18, in __call__
    await self.app(scope, receive, send)
          │    │   │      │        └ <function wrap_app_handling_exceptions.<locals>.wrapped_app.<locals>.sender at 0x000001DE25E51B20>
          │    │   │      └ <bound method RequestResponseCycle.receive of <uvicorn.protocols.http.httptools_impl.RequestResponseCycle object at 0x000001D...
          │    │   └ {'type': 'http', 'asgi': {'version': '3.0', 'spec_version': '2.3'}, 'http_version': '1.1', 'server': ('127.0.0.1', 8000), 'cl...
          │    └ <fastapi.routing.APIRouter object at 0x000001DE25E256E0>
          └ <fastapi.middleware.asyncexitstack.AsyncExitStackMiddleware object at 0x000001DE25DB2A50>
  File "C:\Users\nikit\OneDrive\Desktop\Python проекты\Sentra\.venv\Lib\site-packages\starlette\routing.py", line 660, in __call__
    await self.middleware_stack(scope, receive, send)
          │    │                │      │        └ <function wrap_app_handling_exceptions.<locals>.wrapped_app.<locals>.sender at 0x000001DE25E51B20>
          │    │                │      └ <bound method RequestResponseCycle.receive of <uvicorn.protocols.http.httptools_impl.RequestResponseCycle object at 0x000001D...
          │    │                └ {'type': 'http', 'asgi': {'version': '3.0', 'spec_version': '2.3'}, 'http_version': '1.1', 'server': ('127.0.0.1', 8000), 'cl...
          │    └ <bound method APIRouter.app of <fastapi.routing.APIRouter object at 0x000001DE25E256E0>>
          └ <fastapi.routing.APIRouter object at 0x000001DE25E256E0>
  File "C:\Users\nikit\OneDrive\Desktop\Python проекты\Sentra\.venv\Lib\site-packages\fastapi\routing.py", line 2683, in app
    await route.handle(scope, receive, send)
          │     │      │      │        └ <function wrap_app_handling_exceptions.<locals>.wrapped_app.<locals>.sender at 0x000001DE25E51B20>
          │     │      │      └ <bound method RequestResponseCycle.receive of <uvicorn.protocols.http.httptools_impl.RequestResponseCycle object at 0x000001D...
          │     │      └ {'type': 'http', 'asgi': {'version': '3.0', 'spec_version': '2.3'}, 'http_version': '1.1', 'server': ('127.0.0.1', 8000), 'cl...
          │     └ <function _IncludedRouter.handle at 0x000001DE0C5DE340>
          └ _IncludedRouter(original_router=<fastapi.routing.APIRouter object at 0x000001DE25E4C410>, include_context=_RouterIncludeConte...
  File "C:\Users\nikit\OneDrive\Desktop\Python проекты\Sentra\.venv\Lib\site-packages\fastapi\routing.py", line 1753, in handle
    await self.original_router.handle(scope, receive, send)
          │    │               │      │      │        └ <function wrap_app_handling_exceptions.<locals>.wrapped_app.<locals>.sender at 0x000001DE25E51B20>
          │    │               │      │      └ <bound method RequestResponseCycle.receive of <uvicorn.protocols.http.httptools_impl.RequestResponseCycle object at 0x000001D...
          │    │               │      └ {'type': 'http', 'asgi': {'version': '3.0', 'spec_version': '2.3'}, 'http_version': '1.1', 'server': ('127.0.0.1', 8000), 'cl...
          │    │               └ <function APIRouter.handle at 0x000001DE0C5F8220>
          │    └ <fastapi.routing.APIRouter object at 0x000001DE25E4C410>
          └ _IncludedRouter(original_router=<fastapi.routing.APIRouter object at 0x000001DE25E4C410>, include_context=_RouterIncludeConte...
  File "C:\Users\nikit\OneDrive\Desktop\Python проекты\Sentra\.venv\Lib\site-packages\fastapi\routing.py", line 2738, in handle
    await included_router._handle_selected(scope, receive, send)
          │               │                │      │        └ <function wrap_app_handling_exceptions.<locals>.wrapped_app.<locals>.sender at 0x000001DE25E51B20>
          │               │                │      └ <bound method RequestResponseCycle.receive of <uvicorn.protocols.http.httptools_impl.RequestResponseCycle object at 0x000001D...
          │               │                └ {'type': 'http', 'asgi': {'version': '3.0', 'spec_version': '2.3'}, 'http_version': '1.1', 'server': ('127.0.0.1', 8000), 'cl...
          │               └ <function _IncludedRouter._handle_selected at 0x000001DE0C5DE3E0>
          └ _IncludedRouter(original_router=<fastapi.routing.APIRouter object at 0x000001DE25E4C410>, include_context=_RouterIncludeConte...
  File "C:\Users\nikit\OneDrive\Desktop\Python проекты\Sentra\.venv\Lib\site-packages\fastapi\routing.py", line 1773, in _handle_selected
    await original_route.handle(scope, receive, send)
          │              │      │      │        └ <function wrap_app_handling_exceptions.<locals>.wrapped_app.<locals>.sender at 0x000001DE25E51B20>
          │              │      │      └ <bound method RequestResponseCycle.receive of <uvicorn.protocols.http.httptools_impl.RequestResponseCycle object at 0x000001D...
          │              │      └ {'type': 'http', 'asgi': {'version': '3.0', 'spec_version': '2.3'}, 'http_version': '1.1', 'server': ('127.0.0.1', 8000), 'cl...
          │              └ <function APIRoute.handle at 0x000001DE0C5DC360>
          └ APIRoute(path='/employees/{employee_id}/knowledge/upload', name='upload_knowledge_file', methods=['POST'])
  File "C:\Users\nikit\OneDrive\Desktop\Python проекты\Sentra\.venv\Lib\site-packages\fastapi\routing.py", line 1264, in handle
    await app(scope, receive, send)
          │   │      │        └ <function wrap_app_handling_exceptions.<locals>.wrapped_app.<locals>.sender at 0x000001DE25E51B20>
          │   │      └ <bound method RequestResponseCycle.receive of <uvicorn.protocols.http.httptools_impl.RequestResponseCycle object at 0x000001D...
          │   └ {'type': 'http', 'asgi': {'version': '3.0', 'spec_version': '2.3'}, 'http_version': '1.1', 'server': ('127.0.0.1', 8000), 'cl...
          └ <function request_response.<locals>.app at 0x000001DE25E51D00>
  File "C:\Users\nikit\OneDrive\Desktop\Python проекты\Sentra\.venv\Lib\site-packages\fastapi\routing.py", line 150, in app
    await wrap_app_handling_exceptions(app, request)(scope, receive, send)
          │                            │    │        │      │        └ <function wrap_app_handling_exceptions.<locals>.wrapped_app.<locals>.sender at 0x000001DE25E51B20>
          │                            │    │        │      └ <bound method RequestResponseCycle.receive of <uvicorn.protocols.http.httptools_impl.RequestResponseCycle object at 0x000001D...
          │                            │    │        └ {'type': 'http', 'asgi': {'version': '3.0', 'spec_version': '2.3'}, 'http_version': '1.1', 'server': ('127.0.0.1', 8000), 'cl...
          │                            │    └ <starlette.requests.Request object at 0x000001DE26E67610>
          │                            └ <function request_response.<locals>.app.<locals>.app at 0x000001DE25E51DA0>
          └ <function wrap_app_handling_exceptions at 0x000001DE0C5937E0>
  File "C:\Users\nikit\OneDrive\Desktop\Python проекты\Sentra\.venv\Lib\site-packages\starlette\_exception_handler.py", line 42, in wrapped_app
    await app(scope, receive, sender)
          │   │      │        └ <function wrap_app_handling_exceptions.<locals>.wrapped_app.<locals>.sender at 0x000001DE25E51EE0>
          │   │      └ <bound method RequestResponseCycle.receive of <uvicorn.protocols.http.httptools_impl.RequestResponseCycle object at 0x000001D...
          │   └ {'type': 'http', 'asgi': {'version': '3.0', 'spec_version': '2.3'}, 'http_version': '1.1', 'server': ('127.0.0.1', 8000), 'cl...
          └ <function request_response.<locals>.app.<locals>.app at 0x000001DE25E51DA0>
  File "C:\Users\nikit\OneDrive\Desktop\Python проекты\Sentra\.venv\Lib\site-packages\fastapi\routing.py", line 136, in app
    response = await f(request)
                     │ └ <starlette.requests.Request object at 0x000001DE26E67610>
                     └ <function get_request_handler.<locals>.app at 0x000001DE25E51C60>
  File "C:\Users\nikit\OneDrive\Desktop\Python проекты\Sentra\.venv\Lib\site-packages\fastapi\routing.py", line 690, in app
    raw_response = await run_endpoint_function(
                         └ <function run_endpoint_function at 0x000001DE0C5CF6A0>
  File "C:\Users\nikit\OneDrive\Desktop\Python проекты\Sentra\.venv\Lib\site-packages\fastapi\routing.py", line 344, in run_endpoint_function
    return await dependant.call(**values)
                 │         │      └ {'current_user': <backend.database.models.user.User object at 0x000001DE26E79FD0>, 'employee_id': 2, 'file': UploadFile(filen...
                 │         └ <function upload_knowledge_file at 0x000001DE25E507C0>
                 └ Dependant(path_params=[ModelField(field_info=Path(PydanticUndefined), name='employee_id', mode='validation', config=None)], q...

  File "C:\Users\nikit\OneDrive\Desktop\Python проекты\Sentra\backend\api\routers\file_router.py", line 52, in upload_knowledge_file
    return await knowledge_file_service.upload(
                 │                      └ <function KnowledgeFileService.upload at 0x000001DE25E50360>
                 └ <backend.services.knowledge_file_service.KnowledgeFileService object at 0x000001DE25E4C690>

  File "C:\Users\nikit\OneDrive\Desktop\Python проекты\Sentra\backend\services\knowledge_file_service.py", line 80, in upload
    await loader_service.document_loader(doc=file,employee_id=employee_id)
          │              │                   │                └ 2
          │              │                   └ <backend.database.models.knowledge_file.KnowledgeFile object at 0x000001DE26E7A120>
          │              └ <function Provider.inject_session.<locals>.wrapper at 0x000001DE25E3A2A0>
          └ <backend.services.loader_service.DocumentLoader object at 0x000001DE25C2FA10>

  File "C:\Users\nikit\OneDrive\Desktop\Python проекты\Sentra\backend\utils\depends.py", line 51, in wrapper
    res = await asyncio.wait_for(
                │       └ <function wait_for at 0x000001DE0B1ED440>
                └ <module 'asyncio' from 'C:\\Users\\nikit\\AppData\\Roaming\\uv\\python\\cpython-3.13-windows-x86_64-none\\Lib\\asyncio\\__ini...

  File "C:\Users\nikit\AppData\Roaming\uv\python\cpython-3.13-windows-x86_64-none\Lib\asyncio\tasks.py", line 507, in wait_for
    return await fut
                 └ <coroutine object DocumentLoader.document_loader at 0x000001DE26E48880>

> File "C:\Users\nikit\OneDrive\Desktop\Python проекты\Sentra\backend\services\loader_service.py", line 61, in document_loader
    doc_chunk = DocumentChunk(
                └ <class 'backend.database.models.document_chunk.DocumentChunk'>

TypeError: __init__() takes 1 positional argument but 3 were given
[2026-07-07 22:18:00.643] [INFO    ] [backend.services.loader_service:43] - Получил pdf файл
[2026-07-07 22:18:00.882] [INFO    ] [backend.services.loader_service:72] - Документ загружен и разбит на 8 чанков
